Starting a Gradle Daemon, 1 incompatible and 2 stopped Daemons could not be reused, use --status for details

> Configure project :
-------------------------------------
NeoGradle detected a problem with your project: Run.getProgramArguments()
Details: The method getProgramArguments() is deprecated and will be removed in the future
Potential Solution: Use getArguments() instead of getProgramArguments()
More information: https://github.com/neoforged/NeoGradle/blob/NG_7.1/README.md#common-runs-configuration-types-configure-by-type
-------------------------------------

> Task :neoFormListLibraries UP-TO-DATE
> Task :cacheVersionManifest1.21.10 UP-TO-DATE
> Task :cacheVersionExecutableClient1.21.10 UP-TO-DATE
> Task :cacheVersionExecutableServer1.21.10 UP-TO-DATE
> Task :cacheVersionExtractedServer1.21.10 UP-TO-DATE
> Task :cacheVersionMappingsClient1.21.10 UP-TO-DATE
> Task :create1.21.10ClientExtraJar UP-TO-DATE
> Task :selectRawArtifactNg_dummy_ng.net.minecraft_client_1.21.10_client-extra UP-TO-DATE
> Task :neoFormListTransformLibraries UP-TO-DATE
> Task :neoFormStripClient UP-TO-DATE
> Task :neoFormStripServer UP-TO-DATE
> Task :neoFormMerge UP-TO-DATE
> Task :neoFormMergeMappings UP-TO-DATE
> Task :neoFormRename UP-TO-DATE
> Task :neoFormDecompile UP-TO-DATE
> Task :neoFormInject UP-TO-DATE
> Task :neoFormPatch UP-TO-DATE
> Task :neoFormPatchUserDev UP-TO-DATE
> Task :neoFormTransformSource UP-TO-DATE
> Task :neoFormRecompile UP-TO-DATE
> Task :supplyRawJarForneoFormJoined1.21.10-20251010.172816 UP-TO-DATE
> Task :selectRawArtifactNg_dummy_ng.net.neoforged_neoforge_21.10.52-beta UP-TO-DATE

> Task :compileJava
.\gradlew.bat : C:\Use
rs\MW\Downloads\coding
\MCOPTI\src\main\java\
com\randomstrangerpass
enger\mcopt\client\buc
ket\BucketPreviewHandl
er.java:10: error: pac
kage net.minecraft.wor
ld.entity.animal.fish 
does not exist
At line:1 char:1
+ .\gradlew.bat compil
eJava --console=plain 
2>&1 | Out-File -FileP
ath " ...
+ ~~~~~~~~~~~~~~~~~~~~
~~~~~~~~~~~~~~~~~~~~~~
~~~~
    + CategoryInfo    
          : NotSpeci  
  fied: (C:\Users\M   
 W\Dow... does not    
 exist:String) []    ,
 RemoteException
    + FullyQualifiedE 
   rrorId : NativeCo  
  mmandError
 
import net.minecraft.w
orld.entity.animal.fis
h.TropicalFish;
                      
                      
 ^
C:\Users\MW\Downloads\
coding\MCOPTI\src\main
\java\com\randomstrang
erpassenger\mcopt\clie
nt\bucket\BucketPrevie
wHandler.java:16: erro
r: cannot find symbol
import net.minecraft.w
orld.item.component.Cu
stomName;
                      
                   ^
  symbol:   class Cust
omName
  location: package ne
t.minecraft.world.item
.component
C:\Users\MW\Downloads\
coding\MCOPTI\src\main
\java\com\randomstrang
erpassenger\mcopt\clie
nt\bucket\BucketPrevie
wHandler.java:18: erro
r: cannot find symbol
import net.minecraft.w
orld.item.component.Da
taComponents;
                      
                   ^
  symbol:   class Data
Components
  location: package ne
t.minecraft.world.item
.component
C:\Users\MW\Downloads\
coding\MCOPTI\src\main
\java\com\randomstrang
erpassenger\mcopt\clie
nt\bucket\BucketPrevie
wHandler.java:19: erro
r: cannot find symbol
import net.minecraft.w
orld.item.component.Fl
uidContents;
                      
                   ^
  symbol:   class Flui
dContents
  location: package ne
t.minecraft.world.item
.component
C:\Users\MW\Downloads\
coding\MCOPTI\src\main
\java\com\randomstrang
erpassenger\mcopt\clie
nt\fps\DynamicFpsManag
er.java:15: error: can
not find symbol
import net.neoforged.n
eoforge.event.TickEven
t;
                      
             ^
  symbol:   class Tick
Event
  location: package ne
t.neoforged.neoforge.e
vent
C:\Users\MW\Downloads\
coding\MCOPTI\src\main
\java\com\randomstrang
erpassenger\mcopt\clie
nt\fps\DynamicFpsManag
er.java:69: error: pac
kage TickEvent does no
t exist
    public void onClie
ntTick(TickEvent.Clien
tTickEvent event) {
                      
                ^
C:\Users\MW\Downloads\
coding\MCOPTI\src\main
\java\com\randomstrang
erpassenger\mcopt\comm
on\ConfigurablePlayerT
ickHandler.java:6: err
or: cannot find symbol
import net.neoforged.n
eoforge.event.tick.Tic
kEvent;
                      
                  ^
  symbol:   class Tick
Event
  location: package ne
t.neoforged.neoforge.e
vent.tick
C:\Users\MW\Downloads\
coding\MCOPTI\src\main
\java\com\randomstrang
erpassenger\mcopt\comm
on\ConfigurablePlayerT
ickHandler.java:33: er
ror: package TickEvent
 does not exist
    private final Tick
Event.Phase requiredPh
ase;
                      
     ^
C:\Users\MW\Downloads\
coding\MCOPTI\src\main
\java\com\randomstrang
erpassenger\mcopt\comm
on\ConfigurablePlayerT
ickHandler.java:55: er
ror: package TickEvent
 does not exist
                      
                      
TickEvent.Phase requir
edPhase) {
                      
                      
         ^
C:\Users\MW\Downloads\
coding\MCOPTI\src\main
\java\com\randomstrang
erpassenger\mcopt\comm
on\ConfigurablePlayerT
ickHandler.java:74: er
ror: package TickEvent
 does not exist
    public final void 
onPlayerTick(TickEvent
.PlayerTickEvent event
) {
                      
                      
^
C:\Users\MW\Downloads\
coding\MCOPTI\src\main
\java\com\randomstrang
erpassenger\mcopt\comm
on\ConfigurablePlayerT
ickHandler.java:103: e
rror: package TickEven
t does not exist
    protected abstract
 void onConfiguredPlay
erTick(TickEvent.Playe
rTickEvent event);
                      
                      
                ^
C:\Users\MW\Downloads\
coding\MCOPTI\src\main
\java\com\randomstrang
erpassenger\mcopt\comm
on\ConfigurableServerT
ickHandler.java:5: err
or: cannot find symbol
import net.neoforged.n
eoforge.event.tick.Tic
kEvent;
                      
                  ^
  symbol:   class Tick
Event
  location: package ne
t.neoforged.neoforge.e
vent.tick
C:\Users\MW\Downloads\
coding\MCOPTI\src\main
\java\com\randomstrang
erpassenger\mcopt\comm
on\ConfigurableServerT
ickHandler.java:29: er
ror: package TickEvent
 does not exist
    private final Tick
Event.Phase requiredPh
ase;
                      
     ^
C:\Users\MW\Downloads\
coding\MCOPTI\src\main
\java\com\randomstrang
erpassenger\mcopt\comm
on\ConfigurableServerT
ickHandler.java:47: er
ror: package TickEvent
 does not exist
    protected Configur
ableServerTickHandler(
ModConfigSpec.BooleanV
alue enableConfig, Tic
kEvent.Phase requiredP
hase) {
                      
                      
                      
                      
      ^
C:\Users\MW\Downloads\
coding\MCOPTI\src\main
\java\com\randomstrang
erpassenger\mcopt\comm
on\ConfigurableServerT
ickHandler.java:65: er
ror: package TickEvent
 does not exist
    public final void 
onServerTick(TickEvent
.ServerTickEvent event
) {
                      
                      
^
C:\Users\MW\Downloads\
coding\MCOPTI\src\main
\java\com\randomstrang
erpassenger\mcopt\comm
on\ConfigurableServerT
ickHandler.java:88: er
ror: package TickEvent
 does not exist
    protected abstract
 void onConfiguredServ
erTick(TickEvent.Serve
rTickEvent event);
                      
                      
                ^
C:\Users\MW\Downloads\
coding\MCOPTI\src\main
\java\com\randomstrang
erpassenger\mcopt\comm
on\ConfigurableTickHan
dler.java:5: error: ca
nnot find symbol
import net.neoforged.n
eoforge.event.tick.Tic
kEvent;
                      
                  ^
  symbol:   class Tick
Event
  location: package ne
t.neoforged.neoforge.e
vent.tick
C:\Users\MW\Downloads\
coding\MCOPTI\src\main
\java\com\randomstrang
erpassenger\mcopt\comm
on\ConfigurableTickHan
dler.java:33: error: p
ackage TickEvent does 
not exist
    private final Tick
Event.Phase requiredPh
ase;
                      
     ^
C:\Users\MW\Downloads\
coding\MCOPTI\src\main
\java\com\randomstrang
erpassenger\mcopt\comm
on\ConfigurableTickHan
dler.java:42: error: p
ackage TickEvent does 
not exist
    protected Configur
ableTickHandler(ModCon
figSpec.BooleanValue e
nableConfig, TickEvent
.Phase requiredPhase) 
{
                      
                      
                      
                      
^
C:\Users\MW\Downloads\
coding\MCOPTI\src\main
\java\com\randomstrang
erpassenger\mcopt\comm
on\ConfigurableTickHan
dler.java:60: error: c
annot find symbol
    public final void 
onTick(TickEvent event
) {
                      
       ^
  symbol:   class Tick
Event
  location: class Conf
igurableTickHandler
C:\Users\MW\Downloads\
coding\MCOPTI\src\main
\java\com\randomstrang
erpassenger\mcopt\comm
on\ConfigurableTickHan
dler.java:83: error: c
annot find symbol
    protected abstract
 void onConfiguredTick
(TickEvent event);
                      
                      
 ^
  symbol:   class Tick
Event
  location: class Conf
igurableTickHandler
C:\Users\MW\Downloads\
coding\MCOPTI\src\main
\java\com\randomstrang
erpassenger\mcopt\MCOP
T.java:13: error: cann
ot find symbol
import net.neoforged.f
ml.DistExecutor;
                      
  ^
  symbol:   class Dist
Executor
  location: package ne
t.neoforged.fml
C:\Users\MW\Downloads\
coding\MCOPTI\src\main
\java\com\randomstrang
erpassenger\mcopt\MCOP
T.java:19: error: cann
ot find symbol
import net.neoforged.n
eoforge.common.Minecra
ftForge;
                      
              ^
  symbol:   class Mine
craftForge
  location: package ne
t.neoforged.neoforge.c
ommon
C:\Users\MW\Downloads\
coding\MCOPTI\src\main
\java\com\randomstrang
erpassenger\mcopt\mixi
n\client\ChunkRenderDi
spatcherMixin.java:8: 
error: package org.spo
ngepowered.asm.mixin.c
allback does not exist
import org.spongepower
ed.asm.mixin.callback.
CallbackInfoReturnable
;
                      
                     ^
C:\Users\MW\Downloads\
coding\MCOPTI\src\main
\java\com\randomstrang
erpassenger\mcopt\mixi
n\client\ChunkRenderDi
spatcherMixin.java:32:
 error: cannot find sy
mbol
    private void limit
ChunkUpdates(CallbackI
nfoReturnable<Boolean>
 cir) {
                      
             ^
  symbol:   class Call
backInfoReturnable
  location: class Chun
kRenderDispatcherMixin
C:\Users\MW\Downloads\
coding\MCOPTI\src\main
\java\com\randomstrang
erpassenger\mcopt\mixi
n\client\EntityRenderD
ispatcherMixin.java:12
: error: package org.s
pongepowered.asm.mixin
.callback does not exi
st
import org.spongepower
ed.asm.mixin.callback.
CallbackInfo;
                      
                     ^
C:\Users\MW\Downloads\
coding\MCOPTI\src\main
\java\com\randomstrang
erpassenger\mcopt\mixi
n\client\EntityRenderD
ispatcherMixin.java:37
: error: cannot find s
ymbol
        CallbackInfo c
i
        ^
  symbol:   class Call
backInfo
  location: class Enti
tyRenderDispatcherMixi
n
C:\Users\MW\Downloads\
coding\MCOPTI\src\main
\java\com\randomstrang
erpassenger\mcopt\mixi
n\server\MobAIMixin.ja
va:8: error: package o
rg.spongepowered.asm.m
ixin.callback does not
 exist
import org.spongepower
ed.asm.mixin.callback.
CallbackInfo;
                      
                     ^
C:\Users\MW\Downloads\
coding\MCOPTI\src\main
\java\com\randomstrang
erpassenger\mcopt\mixi
n\server\MobAIMixin.ja
va:36: error: cannot f
ind symbol
    private void onReg
isterGoals(CallbackInf
o ci) {
                      
           ^
  symbol:   class Call
backInfo
  location: class MobA
IMixin
C:\Users\MW\Downloads\
coding\MCOPTI\src\main
\java\com\randomstrang
erpassenger\mcopt\safe
ty\LeakGuard.java:13: 
error: cannot find sym
bol
import net.neoforged.n
eoforge.event.TickEven
t;
                      
             ^
  symbol:   class Tick
Event
  location: package ne
t.neoforged.neoforge.e
vent
C:\Users\MW\Downloads\
coding\MCOPTI\src\main
\java\com\randomstrang
erpassenger\mcopt\safe
ty\LeakGuard.java:62: 
error: package TickEve
nt does not exist
    public static void
 onClientTick(TickEven
t.ClientTickEvent even
t) {
                      
                      
 ^
C:\Users\MW\Downloads\
coding\MCOPTI\src\main
\java\com\randomstrang
erpassenger\mcopt\serv
er\ai\strategy\SquidSt
rategy.java:10: error:
 cannot find symbol
import net.minecraft.w
orld.entity.ai.goal.Fl
eeGoal;
                      
                   ^
  symbol:   class Flee
Goal
  location: package ne
t.minecraft.world.enti
ty.ai.goal
C:\Users\MW\Downloads\
coding\MCOPTI\src\main
\java\com\randomstrang
erpassenger\mcopt\serv
er\entity\clearlag\Cle
arLagManager.java:14: 
error: cannot find sym
bol
import net.neoforged.n
eoforge.event.tick.Tic
kEvent;
                      
                  ^
  symbol:   class Tick
Event
  location: package ne
t.neoforged.neoforge.e
vent.tick
C:\Users\MW\Downloads\
coding\MCOPTI\src\main
\java\com\randomstrang
erpassenger\mcopt\serv
er\entity\clearlag\Cle
arLagManager.java:67: 
error: package TickEve
nt does not exist
    public void onServ
erTick(TickEvent.Serve
rTickEvent event) {
                      
                ^
C:\Users\MW\Downloads\
coding\MCOPTI\src\main
\java\com\randomstrang
erpassenger\mcopt\serv
er\entity\fishing\Fish
ingRodFixHandler.java:
13: error: cannot find
 symbol
import net.neoforged.n
eoforge.event.TickEven
t;
                      
             ^
  symbol:   class Tick
Event
  location: package ne
t.neoforged.neoforge.e
vent
C:\Users\MW\Downloads\
coding\MCOPTI\src\main
\java\com\randomstrang
erpassenger\mcopt\serv
er\entity\fishing\Fish
ingRodFixHandler.java:
29: error: package Tic
kEvent does not exist
    public static void
 onPlayerTick(TickEven
t.PlayerTickEvent even
t) {
                      
                      
 ^
C:\Users\MW\Downloads\
coding\MCOPTI\src\main
\java\com\randomstrang
erpassenger\mcopt\serv
er\entity\golem\GolemS
pawnFixHandler.java:7:
 error: cannot find sy
mbol
import net.minecraft.w
orld.entity.MobSpawnTy
pe;
                      
           ^
  symbol:   class MobS
pawnType
  location: package ne
t.minecraft.world.enti
ty
C:\Users\MW\Downloads\
coding\MCOPTI\src\main
\java\com\randomstrang
erpassenger\mcopt\serv
er\entity\golem\GolemS
pawnFixHandler.java:15
: error: package net.n
eoforged.neoforge.even
tbus.api does not exis
t
import net.neoforged.n
eoforge.eventbus.api.E
vent;
                      
                    ^
C:\Users\MW\Downloads\
coding\MCOPTI\src\main
\java\com\randomstrang
erpassenger\mcopt\serv
er\entity\golem\GolemS
pawnFixHandler.java:31
: error: cannot find s
ymbol
    public static void
 onGolemCheckSpawn(Mob
SpawnEvent.CheckSpawn 
event) {
                      
                      
          ^
  symbol:   class Chec
kSpawn
  location: class MobS
pawnEvent
C:\Users\MW\Downloads\
coding\MCOPTI\src\main
\java\com\randomstrang
erpassenger\mcopt\serv
er\entity\health\Healt
hStabilityHandler.java
:14: error: cannot fin
d symbol
import net.neoforged.n
eoforge.event.tick.Tic
kEvent;
                      
                  ^
  symbol:   class Tick
Event
  location: package ne
t.neoforged.neoforge.e
vent.tick
C:\Users\MW\Downloads\
coding\MCOPTI\src\main
\java\com\randomstrang
erpassenger\mcopt\serv
er\entity\health\Healt
hStabilityHandler.java
:36: error: package Ti
ckEvent does not exist
    public static void
 onPlayerTick(TickEven
t.PlayerTickEvent even
t) {
                      
                      
 ^
C:\Users\MW\Downloads\
coding\MCOPTI\src\main
\java\com\randomstrang
erpassenger\mcopt\clie
nt\bucket\BucketPrevie
wHandler.java:34: erro
r: cannot find symbol
@EventBusSubscriber(mo
did = MCOPT.MOD_ID, bu
s = EventBusSubscriber
.Bus.GAME, value = Dis
t.CLIENT)
                      
                    ^
  symbol:   method bus
()
  location: @interface
 EventBusSubscriber
C:\Users\MW\Downloads\
coding\MCOPTI\src\main
\java\com\randomstrang
erpassenger\mcopt\clie
nt\bucket\BucketPrevie
wHandler.java:34: erro
r: cannot find symbol
@EventBusSubscriber(mo
did = MCOPT.MOD_ID, bu
s = EventBusSubscriber
.Bus.GAME, value = Dis
t.CLIENT)
                      
                      
                      
^
  symbol:   variable B
us
  location: @interface
 EventBusSubscriber
C:\Users\MW\Downloads\
coding\MCOPTI\src\main
\java\com\randomstrang
erpassenger\mcopt\clie
nt\hud\MemoryHudRender
er.java:19: error: can
not find symbol
@EventBusSubscriber(mo
did = MCOPT.MOD_ID, bu
s = EventBusSubscriber
.Bus.MOD, value = Dist
.CLIENT)
                      
                    ^
  symbol:   method bus
()
  location: @interface
 EventBusSubscriber
C:\Users\MW\Downloads\
coding\MCOPTI\src\main
\java\com\randomstrang
erpassenger\mcopt\clie
nt\hud\MemoryHudRender
er.java:19: error: can
not find symbol
@EventBusSubscriber(mo
did = MCOPT.MOD_ID, bu
s = EventBusSubscriber
.Bus.MOD, value = Dist
.CLIENT)
                      
                      
                      
^
  symbol:   variable B
us
  location: @interface
 EventBusSubscriber
C:\Users\MW\Downloads\
coding\MCOPTI\src\main
\java\com\randomstrang
erpassenger\mcopt\conf
ig\ConfigMigrationHand
ler.java:27: error: ca
nnot find symbol
@EventBusSubscriber(mo
did = MCOPT.MOD_ID, bu
s = EventBusSubscriber
.Bus.MOD)
                      
                    ^
  symbol:   method bus
()
  location: @interface
 EventBusSubscriber
C:\Users\MW\Downloads\
coding\MCOPTI\src\main
\java\com\randomstrang
erpassenger\mcopt\conf
ig\ConfigMigrationHand
ler.java:27: error: ca
nnot find symbol
@EventBusSubscriber(mo
did = MCOPT.MOD_ID, bu
s = EventBusSubscriber
.Bus.MOD)
                      
                      
                      
^
  symbol:   variable B
us
  location: @interface
 EventBusSubscriber
C:\Users\MW\Downloads\
coding\MCOPTI\src\main
\java\com\randomstrang
erpassenger\mcopt\safe
ty\LeakGuard.java:27: 
error: cannot find sym
bol
@EventBusSubscriber(mo
did = MCOPT.MOD_ID, bu
s = EventBusSubscriber
.Bus.GAME, value = Dis
t.CLIENT)
                      
                    ^
  symbol:   method bus
()
  location: @interface
 EventBusSubscriber
C:\Users\MW\Downloads\
coding\MCOPTI\src\main
\java\com\randomstrang
erpassenger\mcopt\safe
ty\LeakGuard.java:27: 
error: cannot find sym
bol
@EventBusSubscriber(mo
did = MCOPT.MOD_ID, bu
s = EventBusSubscriber
.Bus.GAME, value = Dis
t.CLIENT)
                      
                      
                      
^
  symbol:   variable B
us
  location: @interface
 EventBusSubscriber
C:\Users\MW\Downloads\
coding\MCOPTI\src\main
\java\com\randomstrang
erpassenger\mcopt\safe
ty\PanicButtonHandler.
java:38: error: cannot
 find symbol
    @EventBusSubscribe
r(modid = MCOPT.MOD_ID
, bus = EventBusSubscr
iber.Bus.MOD, value = 
Dist.CLIENT)
                      
                      
  ^
  symbol:   method bus
()
  location: @interface
 EventBusSubscriber
C:\Users\MW\Downloads\
coding\MCOPTI\src\main
\java\com\randomstrang
erpassenger\mcopt\safe
ty\PanicButtonHandler.
java:38: error: cannot
 find symbol
    @EventBusSubscribe
r(modid = MCOPT.MOD_ID
, bus = EventBusSubscr
iber.Bus.MOD, value = 
Dist.CLIENT)
                      
                      
                      
    ^
  symbol:   variable B
us
  location: @interface
 EventBusSubscriber
C:\Users\MW\Downloads\
coding\MCOPTI\src\main
\java\com\randomstrang
erpassenger\mcopt\safe
ty\PanicButtonHandler.
java:50: error: cannot
 find symbol
    @EventBusSubscribe
r(modid = MCOPT.MOD_ID
, bus = EventBusSubscr
iber.Bus.GAME, value =
 Dist.CLIENT)
                      
                      
  ^
  symbol:   method bus
()
  location: @interface
 EventBusSubscriber
C:\Users\MW\Downloads\
coding\MCOPTI\src\main
\java\com\randomstrang
erpassenger\mcopt\safe
ty\PanicButtonHandler.
java:50: error: cannot
 find symbol
    @EventBusSubscribe
r(modid = MCOPT.MOD_ID
, bus = EventBusSubscr
iber.Bus.GAME, value =
 Dist.CLIENT)
                      
                      
                      
    ^
  symbol:   variable B
us
  location: @interface
 EventBusSubscriber
C:\Users\MW\Downloads\
coding\MCOPTI\src\main
\java\com\randomstrang
erpassenger\mcopt\safe
ty\ResourceCleanupHand
ler.java:16: error: ca
nnot find symbol
@EventBusSubscriber(mo
did = MCOPT.MOD_ID, bu
s = EventBusSubscriber
.Bus.GAME, value = Dis
t.CLIENT)
                      
                    ^
  symbol:   method bus
()
  location: @interface
 EventBusSubscriber
C:\Users\MW\Downloads\
coding\MCOPTI\src\main
\java\com\randomstrang
erpassenger\mcopt\safe
ty\ResourceCleanupHand
ler.java:16: error: ca
nnot find symbol
@EventBusSubscriber(mo
did = MCOPT.MOD_ID, bu
s = EventBusSubscriber
.Bus.GAME, value = Dis
t.CLIENT)
                      
                      
                      
^
  symbol:   variable B
us
  location: @interface
 EventBusSubscriber
C:\Users\MW\Downloads\
coding\MCOPTI\src\main
\java\com\randomstrang
erpassenger\mcopt\serv
er\entity\fishing\Fish
ingRodFixHandler.java:
22: error: cannot find
 symbol
@EventBusSubscriber(mo
did = MCOPT.MOD_ID, bu
s = EventBusSubscriber
.Bus.GAME)
                      
                    ^
  symbol:   method bus
()
  location: @interface
 EventBusSubscriber
C:\Users\MW\Downloads\
coding\MCOPTI\src\main
\java\com\randomstrang
erpassenger\mcopt\serv
er\entity\fishing\Fish
ingRodFixHandler.java:
22: error: cannot find
 symbol
@EventBusSubscriber(mo
did = MCOPT.MOD_ID, bu
s = EventBusSubscriber
.Bus.GAME)
                      
                      
                      
^
  symbol:   variable B
us
  location: @interface
 EventBusSubscriber
C:\Users\MW\Downloads\
coding\MCOPTI\src\main
\java\com\randomstrang
erpassenger\mcopt\serv
er\entity\golem\GolemS
pawnFixHandler.java:27
: error: cannot find s
ymbol
@EventBusSubscriber(mo
did = MCOPT.MOD_ID, bu
s = EventBusSubscriber
.Bus.GAME)
                      
                    ^
  symbol:   method bus
()
  location: @interface
 EventBusSubscriber
C:\Users\MW\Downloads\
coding\MCOPTI\src\main
\java\com\randomstrang
erpassenger\mcopt\serv
er\entity\golem\GolemS
pawnFixHandler.java:27
: error: cannot find s
ymbol
@EventBusSubscriber(mo
did = MCOPT.MOD_ID, bu
s = EventBusSubscriber
.Bus.GAME)
                      
                      
                      
^
  symbol:   variable B
us
  location: @interface
 EventBusSubscriber
C:\Users\MW\Downloads\
coding\MCOPTI\src\main
\java\com\randomstrang
erpassenger\mcopt\clie
nt\bucket\BucketPrevie
wHandler.java:74: erro
r: cannot find symbol
        Optional<Fluid
Contents> contents = e
vent.getItemStack().ge
tComponents().get(Data
Components.FLUID_CONTE
NTS);
                 ^
  symbol:   class Flui
dContents
  location: class Buck
etPreviewHandler
C:\Users\MW\Downloads\
coding\MCOPTI\src\main
\java\com\randomstrang
erpassenger\mcopt\clie
nt\bucket\BucketPrevie
wHandler.java:74: erro
r: cannot find symbol
        Optional<Fluid
Contents> contents = e
vent.getItemStack().ge
tComponents().get(Data
Components.FLUID_CONTE
NTS);
                      
                      
                      
                  ^
  symbol:   variable D
ataComponents
  location: class Buck
etPreviewHandler
C:\Users\MW\Downloads\
coding\MCOPTI\src\main
\java\com\randomstrang
erpassenger\mcopt\clie
nt\bucket\BucketPrevie
wHandler.java:75: erro
r: cannot find symbol
        Fluid fluid = 
contents.map(FluidCont
ents::fluid).orElse(bu
cketItem.getFluid());
                      
             ^
  symbol:   variable F
luidContents
  location: class Buck
etPreviewHandler
C:\Users\MW\Downloads\
coding\MCOPTI\src\main
\java\com\randomstrang
erpassenger\mcopt\clie
nt\bucket\BucketPrevie
wHandler.java:75: erro
r: cannot find symbol
        Fluid fluid = 
contents.map(FluidCont
ents::fluid).orElse(bu
cketItem.getFluid());
                      
                      
                      
        ^
  symbol:   method get
Fluid()
  location: variable b
ucketItem of type Buck
etItem
C:\Users\MW\Downloads\
coding\MCOPTI\src\main
\java\com\randomstrang
erpassenger\mcopt\clie
nt\bucket\BucketPrevie
wHandler.java:97: erro
r: cannot find symbol
        CustomName cus
tomName = stack.getCom
ponents().get(DataComp
onents.CUSTOM_NAME);
        ^
  symbol:   class Cust
omName
  location: class Buck
etPreviewHandler
C:\Users\MW\Downloads\
coding\MCOPTI\src\main
\java\com\randomstrang
erpassenger\mcopt\clie
nt\bucket\BucketPrevie
wHandler.java:97: erro
r: cannot find symbol
        CustomName cus
tomName = stack.getCom
ponents().get(DataComp
onents.CUSTOM_NAME);
                      
                      
              ^
  symbol:   variable D
ataComponents
  location: class Buck
etPreviewHandler
C:\Users\MW\Downloads\
coding\MCOPTI\src\main
\java\com\randomstrang
erpassenger\mcopt\clie
nt\bucket\BucketPrevie
wHandler.java:105: err
or: cannot find symbol
        CustomData ent
ityData = stack.getCom
ponents().get(DataComp
onents.ENTITY_DATA);
                      
                      
              ^
  symbol:   variable D
ataComponents
  location: class Buck
etPreviewHandler
C:\Users\MW\Downloads\
coding\MCOPTI\src\main
\java\com\randomstrang
erpassenger\mcopt\clie
nt\bucket\BucketPrevie
wHandler.java:110: err
or: incompatible types
: Optional<Integer> ca
nnot be converted to i
nt
        Variant varian
t = Axolotl.Variant.by
Id(entityData.copyTag(
).getInt("Variant"));
                      
                      
                      
        ^
C:\Users\MW\Downloads\
coding\MCOPTI\src\main
\java\com\randomstrang
erpassenger\mcopt\clie
nt\bucket\BucketPrevie
wHandler.java:113: err
or: cannot find symbol
            event.getT
oolTip().add(Component
.translatable("tooltip
.mcopt.bucket.axolotl"
, variantName.withStyl
e(ChatFormatting.LIGHT
_PURPLE)));
                      
                      
                      
                      
             ^
  symbol:   method wit
hStyle(ChatFormatting)
  location: variable v
ariantName of type Com
ponent
C:\Users\MW\Downloads\
coding\MCOPTI\src\main
\java\com\randomstrang
erpassenger\mcopt\clie
nt\bucket\BucketPrevie
wHandler.java:118: err
or: cannot find symbol
        CustomData ent
ityData = stack.getCom
ponents().get(DataComp
onents.ENTITY_DATA);
                      
                      
              ^
  symbol:   variable D
ataComponents
  location: class Buck
etPreviewHandler
C:\Users\MW\Downloads\
coding\MCOPTI\src\main
\java\com\randomstrang
erpassenger\mcopt\clie
nt\bucket\BucketPrevie
wHandler.java:123: err
or: cannot find symbol
        int variant = 
entityData.copyTag().g
etInt(TropicalFish.BUC
KET_VARIANT_TAG);
                      
                      
      ^
  symbol:   variable T
ropicalFish
  location: class Buck
etPreviewHandler
C:\Users\MW\Downloads\
coding\MCOPTI\src\main
\java\com\randomstrang
erpassenger\mcopt\clie
nt\bucket\BucketPrevie
wHandler.java:148: err
or: package TropicalFi
sh does not exist
        TropicalFish.P
attern[] patterns = Tr
opicalFish.Pattern.val
ues();
                    ^
C:\Users\MW\Downloads\
coding\MCOPTI\src\main
\java\com\randomstrang
erpassenger\mcopt\clie
nt\bucket\BucketPrevie
wHandler.java:148: err
or: package TropicalFi
sh does not exist
        TropicalFish.P
attern[] patterns = Tr
opicalFish.Pattern.val
ues();
                      
                      
          ^
C:\Users\MW\Downloads\
coding\MCOPTI\src\main
\java\com\randomstrang
erpassenger\mcopt\clie
nt\fps\DynamicFpsManag
er.java:63: error: can
not find symbol
        if (event.getS
crollDelta() != 0.0) {
                 ^
  symbol:   method get
ScrollDelta()
  location: variable e
vent of type MouseScro
llingEvent
C:\Users\MW\Downloads\
coding\MCOPTI\src\main
\java\com\randomstrang
erpassenger\mcopt\clie
nt\fps\DynamicFpsManag
er.java:70: error: pac
kage TickEvent does no
t exist
        if (event.phas
e != TickEvent.Phase.E
ND) {
                      
              ^
C:\Users\MW\Downloads\
coding\MCOPTI\src\main
\java\com\randomstrang
erpassenger\mcopt\clie
nt\fps\DynamicFpsManag
er.java:133: error: ca
nnot find symbol
        minecraft.getW
indow().setFramerateLi
mit(Math.max(0, target
Limit));
                      
       ^
  symbol:   method set
FramerateLimit(int)
  location: class Wind
ow
C:\Users\MW\Downloads\
coding\MCOPTI\src\main
\java\com\randomstrang
erpassenger\mcopt\clie
nt\fps\DynamicFpsManag
er.java:185: error: ca
nnot find symbol
        return Math.ma
x(0, minecraft.getWind
ow().getFramerateLimit
());
                      
                      
    ^
  symbol:   method get
FramerateLimit()
  location: class Wind
ow
C:\Users\MW\Downloads\
coding\MCOPTI\src\main
\java\com\randomstrang
erpassenger\mcopt\clie
nt\hud\MemoryHudRender
er.java:35: error: can
not find symbol
            VanillaGui
Layers.DEBUG_TEXT,
                      
      ^
  symbol:   variable D
EBUG_TEXT
  location: class Vani
llaGuiLayers
C:\Users\MW\Downloads\
coding\MCOPTI\src\main
\java\com\randomstrang
erpassenger\mcopt\clie
nt\hud\MemoryHudRender
er.java:53: error: can
not find symbol
        if (minecraft.
options.renderDebug) {
                      
       ^
  symbol:   variable r
enderDebug
  location: variable o
ptions of type Options
C:\Users\MW\Downloads\
coding\MCOPTI\src\main
\java\com\randomstrang
erpassenger\mcopt\clie
nt\rendering\RenderHan
dler.java:72: error: c
annot find symbol
        SectionPos sec
tionPos = renderSectio
n.getOrigin();
                      
                      
 ^
  symbol:   method get
Origin()
  location: variable r
enderSection of type S
ectionRenderDispatcher
.RenderSection
C:\Users\MW\Downloads\
coding\MCOPTI\src\main
\java\com\randomstrang
erpassenger\mcopt\comm
on\ConfigurablePlayerT
ickHandler.java:43: er
ror: package TickEvent
 does not exist
        this(enableCon
fig, LogicalSide.SERVE
R, TickEvent.Phase.END
);
                      
                      
            ^
C:\Users\MW\Downloads\
coding\MCOPTI\src\main
\java\com\randomstrang
erpassenger\mcopt\comm
on\ConfigurableServerT
ickHandler.java:38: er
ror: package TickEvent
 does not exist
        this(enableCon
fig, TickEvent.Phase.E
ND);
                      
              ^
C:\Users\MW\Downloads\
coding\MCOPTI\src\main
\java\com\randomstrang
erpassenger\mcopt\conf
ig\ConfigMigrationHand
ler.java:65: error: ca
nnot find symbol
            CommentedC
onfig configData = eve
nt.getConfig().getConf
igData();
                      
                      
              ^
  symbol:   method get
ConfigData()
  location: class ModC
onfig
C:\Users\MW\Downloads\
coding\MCOPTI\src\main
\java\com\randomstrang
erpassenger\mcopt\conf
ig\ConfigMigrationHand
ler.java:80: error: ca
nnot find symbol
                event.
getConfig().save();
                      
           ^
  symbol:   method sav
e()
  location: class ModC
onfig
C:\Users\MW\Downloads\
coding\MCOPTI\src\main
\java\com\randomstrang
erpassenger\mcopt\MCOP
T.java:42: error: pack
age MinecraftForge doe
s not exist
        MinecraftForge
.EVENT_BUS.register(ne
w GolemSpawnFixHandler
());
                      
^
C:\Users\MW\Downloads\
coding\MCOPTI\src\main
\java\com\randomstrang
erpassenger\mcopt\MCOP
T.java:43: error: pack
age MinecraftForge doe
s not exist
        MinecraftForge
.EVENT_BUS.register(ne
w ClearLagManager());
                      
^
C:\Users\MW\Downloads\
coding\MCOPTI\src\main
\java\com\randomstrang
erpassenger\mcopt\MCOP
T.java:46: error: pack
age MinecraftForge doe
s not exist
            MinecraftF
orge.EVENT_BUS.registe
r(new ActionGuardHandl
er());
                      
    ^
C:\Users\MW\Downloads\
coding\MCOPTI\src\main
\java\com\randomstrang
erpassenger\mcopt\MCOP
T.java:111: error: pac
kage MinecraftForge do
es not exist
            MinecraftF
orge.EVENT_BUS.registe
r(new DynamicFpsManage
r());
                      
    ^
C:\Users\MW\Downloads\
coding\MCOPTI\src\main
\java\com\randomstrang
erpassenger\mcopt\MCOP
T.java:116: error: pac
kage MinecraftForge do
es not exist
            MinecraftF
orge.EVENT_BUS.registe
r(new BucketPreviewHan
dler());
                      
    ^
C:\Users\MW\Downloads\
coding\MCOPTI\src\main
\java\com\randomstrang
erpassenger\mcopt\mixi
n\client\EntityRenderD
ispatcherMixin.java:70
: error: incompatible 
types: Vector3f cannot
 be converted to Vec3
            Vec3 viewV
ector = camera.getLook
Vector();
                      
                      
      ^
C:\Users\MW\Downloads\
coding\MCOPTI\src\main
\java\com\randomstrang
erpassenger\mcopt\mixi
n\client\ParticleMixin
.java:16: error: canno
t find symbol
        double dx = se
lf.getX() - camera.x;
                      
  ^
  symbol:   method get
X()
  location: variable s
elf of type Particle
C:\Users\MW\Downloads\
coding\MCOPTI\src\main
\java\com\randomstrang
erpassenger\mcopt\mixi
n\client\ParticleMixin
.java:17: error: canno
t find symbol
        double dy = se
lf.getY() - camera.y;
                      
  ^
  symbol:   method get
Y()
  location: variable s
elf of type Particle
C:\Users\MW\Downloads\
coding\MCOPTI\src\main
\java\com\randomstrang
erpassenger\mcopt\mixi
n\client\ParticleMixin
.java:18: error: canno
t find symbol
        double dz = se
lf.getZ() - camera.z;
                      
  ^
  symbol:   method get
Z()
  location: variable s
elf of type Particle
C:\Users\MW\Downloads\
coding\MCOPTI\src\main
\java\com\randomstrang
erpassenger\mcopt\mixi
n\common\SnowLayerBloc
kMixin.java:36: error:
 isClientSide has priv
ate access in Level
        if (precipitat
ion != Biome.Precipita
tion.SNOW || level.isC
lientSide) {
                      
                      
                  ^
C:\Users\MW\Downloads\
coding\MCOPTI\src\main
\java\com\randomstrang
erpassenger\mcopt\mixi
n\server\BeeStuckFixMi
xin.java:29: error: is
ClientSide has private
 access in Level
        if (self.level
().isClientSide) {
                      
  ^
C:\Users\MW\Downloads\
coding\MCOPTI\src\main
\java\com\randomstrang
erpassenger\mcopt\mixi
n\server\EnchantmentMe
nuMixin.java:41: error
: isClientSide has pri
vate access in Level
        if (this.playe
r.level().isClientSide
 || container != this.
enchantSlots) {
                      
         ^
C:\Users\MW\Downloads\
coding\MCOPTI\src\main
\java\com\randomstrang
erpassenger\mcopt\mixi
n\server\EnchantmentMe
nuMixin.java:46: error
: cannot find symbol
        this.player.se
tEnchantmentSeed(newSe
ed);
                   ^
  symbol:   method set
EnchantmentSeed(int)
  location: variable p
layer of type Player
C:\Users\MW\Downloads\
coding\MCOPTI\src\main
\java\com\randomstrang
erpassenger\mcopt\mixi
n\server\EntityPortalM
ixin.java:16: error: c
annot find symbol
        CompoundTag ta
g = self.getTag();
                      
        ^
  symbol:   method get
Tag()
  location: variable s
elf of type ItemStack
C:\Users\MW\Downloads\
coding\MCOPTI\src\main
\java\com\randomstrang
erpassenger\mcopt\mixi
n\server\EntityPortalM
ixin.java:18: error: c
annot find symbol
            result.set
Tag(tag.copy());
                  ^
  symbol:   method set
Tag(CompoundTag)
  location: variable r
esult of type ItemStac
k
C:\Users\MW\Downloads\
coding\MCOPTI\src\main
\java\com\randomstrang
erpassenger\mcopt\mixi
n\server\ExperienceOrb
Mixin.java:37: error: 
isClientSide has priva
te access in Level
        if (thisOrb.le
vel().isClientSide) {
                      
     ^
C:\Users\MW\Downloads\
coding\MCOPTI\src\main
\java\com\randomstrang
erpassenger\mcopt\safe
ty\ActionGuardHandler.
java:54: error: cannot
 find symbol
        ServerLevel le
vel = serverPlayer.ser
verLevel();
                      
                  ^
  symbol:   method ser
verLevel()
  location: variable s
erverPlayer of type Se
rverPlayer
Note: Some input files
 use or override a dep
recated API.
Note: Recompile with -
Xlint:deprecation for 
details.
Note: Some messages ha
ve been simplified; re
compile with -Xdiags:v
erbose to get full out
put
100 errors

> Task :compileJava FAILED

[Incubating] Problems report is available at: file:///C:/Users/MW/Downloads/coding/MCOPTI/build/reports/problems/problems-report.html

Deprecated Gradle features were used in this build, making it incompatible with Gradle 9.0.

You can use '--warning-mode all' to show the individual deprecation warnings and determine if they come from your own scripts or plugins.

For more on this, please refer to https://docs.gradle.org/8.14/userguide/command_line_interface.html#sec:command_line_warnings in the Gradle documentation.
23 actionable tasks: 1 executed, 22 up-to-date

FAILURE: Build failed 
with an exception.

* What went wrong:
Execution failed for t
ask ':compileJava'.
> Compilation failed; 
see the compiler outpu
t below.
  C:\Users\MW\Download
s\coding\MCOPTI\src\ma
in\java\com\randomstra
ngerpassenger\mcopt\cl
ient\bucket\BucketPrev
iewHandler.java:10: er
ror: package net.minec
raft.world.entity.anim
al.fish does not exist
  import net.minecraft
.world.entity.animal.f
ish.TropicalFish;
                      
                      
   ^
  100 errors

* Try:
> Check your code and 
dependencies to fix th
e compilation error(s)
> Run with --scan to g
et full insights.

BUILD FAILED in 13s
